2026-07-16 17:36:35,364 [INFO] Number of entries: 499
2026-07-16 17:36:35,364 [INFO] Available fields in the first entry: dict_keys(['title', 'title_detail', 'links', 'link', 'published', 'published_parsed', 'id', 'guidislink', 'comments', 'wfw_commentrss', 'slash_comments', 'tags', 'summary', 'summary_detail', 'itunes_episodetype', 'rawvoice_pid'])
2026-07-16 17:36:35,364 [INFO] { 'comments': 'https://lexfridman.com/anthony-kaldellis/#respond',
  'guidislink': False,
  'id': 'https://lexfridman.com/?p=6466',
  'itunes_episodetype': 'full',
  'link': 'https://lexfridman.com/anthony-kaldellis/?utm_source=rss&utm_medium=rss&utm_campaign=anthony-kaldellis',
  'links': [ { 'href': 'https://lexfridman.com/anthony-kaldellis/?utm_source=rss&utm_medium=rss&utm_campaign=anthony-kaldellis',
               'rel': 'alternate',
               'type': 'text/html'},
             { 'href': 'https://media.blubrry.com/takeituneasy/ins.blubrry.com/takeituneasy/lex_ai_anthony_kaldellis.mp3',
               'length': '191739073',
               'rel': 'enclosure',
               'type': 'audio/mpeg'}],
  'published': 'Tue, 30 Jun 2026 21:33:40 +0000',
  'published_parsed': time.struct_time(tm_year=2026, tm_mon=6, tm_mday=30, tm_hour=21, tm_min=33, tm_sec=40, tm_wday=1, tm_yday=181, tm_isdst=0),
  'rawvoice_pid': '154171889',
  'slash_comments': '0',
  'summary': '<p>Anthony Kaldellis is a historian of the Roman Empire and author of &#8220;The New '
             'Roman Empire&#8221;, a comprehensive history of the Byzantine Empire (Eastern Roman '
             'Empire).<br />\n'
             'Thank you for listening \u2764 Check out our sponsors: <a '
             'href="https://lexfridman.com/sponsors/ep498-sc">https://lexfridman.com/sponsors/ep498-sc</a><br '
             '/>\n'
             'See below for timestamps, transcript, and to give feedback, submit questions, '
             'contact Lex, etc.</p>\n'
             '<p><b>Transcript:</b><br />\n'
             '<a '
             'href="https://lexfridman.com/anthony-kaldellis-transcript">https://lexfridman.com/anthony-kaldellis-transcript</a></p>\n'
             '<p><b>CONTACT LEX:</b><br />\n'
             '<b>Feedback</b> &#8211; give feedback to Lex: <a '
             'href="https://lexfridman.com/survey">https://lexfridman.com/survey</a><br />\n'
             '<b>AMA</b> &#8211; submit questions, videos or call-in: <a '
             'href="https://lexfridman.com/ama">https://lexfridman.com/ama</a><br />\n'
             '<b>Hiring</b> &#8211; join our team: <a '
             'href="https://lexfridman.com/hiring">https://lexfridman.com/hiring</a><br />\n'
             '<b>Other</b> &#8211; other ways to get in touch: <a '
             'href="https://lexfridman.com/contact">https://lexfridman.com/contact</a></p>\n'
             '<p><b>EPISODE LINKS:</b><br />\n'
             'Anthony&#8217;s Books: <a '
             'href="https://amzn.to/49AX7Q1">https://amzn.to/49AX7Q1</a><br />\n'
             'Anthony&#8217;s Publications: <a '
             'href="https://kaldellispublications.weebly.com">https://kaldellispublications.weebly.com</a><br '
             '/>\n'
             'Anthony&#8217;s University of Chicago page: <a '
             'href="https://classics.uchicago.edu/people/anthony-kaldellis">https://classics.uchicago.edu/people/anthony-kaldellis</a><br '
             '/>\n'
             'The New Roman Empire (book): <a '
             'href="https://amzn.to/3PTFTqk">https://amzn.to/3PTFTqk</a><br />\n'
             'Streams of Gold (book): <a '
             'href="https://amzn.to/4fgRMRq">https://amzn.to/4fgRMRq</a><br />\n'
             'Byzantium &#38; Friends Podcast: <a '
             'href="https://byzantiumandfriends.podbean.com/">https://byzantiumandfriends.podbean.com/</a><br '
             '/>\n'
             'The History of Byzantium Podcast: <a '
             'href="https://thehistoryofbyzantium.com/">https://thehistoryofbyzantium.com/</a></p>\n'
             '<p><b>SPONSORS:</b><br />\n'
             'To support this podcast, check out our sponsors &#38; get discounts:<br />\n'
             '<b>Upwork:</b> Platform for hiring freelancers.<br />\n'
             'Go to <a '
             'href="https://lexfridman.com/s/upwork-ep498-sc">https://upwork.com/lex</a><br />\n'
             '<b>Fin:</b> AI agent for customer service.<br />\n'
             'Go to <a href="https://lexfridman.com/s/fin-ep498-sc">https://fin.ai/lex</a><br />\n'
             '<b>BetterHelp:</b> Online therapy and counseling.<br />\n'
             'Go to <a '
             'href="https://lexfridman.com/s/betterhelp-ep498-sc">https://betterhelp.com/lex</a><br '
             '/>\n'
             '<b>LMNT:</b> Zero-sugar electrolyte drink mix.<br />\n'
             'Go to <a '
             'href="https://lexfridman.com/s/lmnt-ep498-sc">https://drinkLMNT.com/lex</a><br />\n'
             '<b>Shopify:</b> Sell stuff online.<br />\n'
             'Go to <a '
             'href="https://lexfridman.com/s/shopify-ep498-sc">https://shopify.com/lex</a><br />\n'
             '<b>Perplexity:</b> AI-powered answer engine.<br />\n'
             'Go to <a '
             'href="https://lexfridman.com/s/perplexity-ep498-sc">https://perplexity.ai/</a></p>\n'
             '<p><b>OUTLINE:</b><br />\n'
             '(00:00) &#8211; Introduction<br />\n'
             '(00:11) &#8211; Sponsors, Comments, and Reflections<br />\n'
             '(08:45) &#8211; The Roman Empire and the Byzantine Empire<br />\n'
             '(12:42) &#8211; 2,200 Years of Roman History<br />\n'
             '(33:06) &#8211; Power, violence, and civil war<br />\n'
             '(54:20) &#8211; Edict of Caracalla<br />\n'
             '(1:07:17) &#8211; Crisis of the Third Century<br />\n'
             '(1:21:45) &#8211; Constantine and the new Roman Empire<br />\n'
             '(1:33:46) &#8211; Christianity in the Roman Empire<br />\n'
             '(1:59:14) &#8211; Fall of the Western Roman Empire<br />\n'
             '(2:12:11) &#8211; Eunuchs, Taxes, and Power<br />\n'
             '(2:37:17) &#8211; Emperor Justinian and wars of conquest<br />\n'
             '(2:54:19) &#8211; The Arab conquests<br />\n'
             '(3:13:55) &#8211; Why the Roman empire survived so long<br />\n'
             '(3:40:01) &#8211; Lessons from history</p>\n'
             '<p><b>PODCAST LINKS:</b><br />\n'
             '&#8211; Podcast Website: <a '
             'href="https://lexfridman.com/podcast">https://lexfridman.com/podcast</a><br />\n'
             '&#8211; Apple Podcasts: <a '
             'href="https://apple.co/2lwqZIr">https://apple.co/2lwqZIr</a><br />\n'
             '&#8211; Spotify: <a href="https://spoti.fi/2nEwCF8">https://spoti.fi/2nEwCF8</a><br '
             '/>\n'
             '&#8211; RSS: <a '
             'href="https://lexfridman.com/feed/podcast/">https://lexfridman.com/feed/podcast/</a><br '
             '/>\n'
             '&#8211; Podcast Playlist: <a '
             'href="https://www.youtube.com/playlist?list=PLrAXtmErZgOdP_8GztsuKi9nrraNbKKp4">https://www.youtube.com/playlist?list=PLrAXtmErZgOdP_8GztsuKi9nrraNbKKp4</a><br '
             '/>\n'
             '&#8211; Clips Channel: <a '
             'href="https://www.youtube.com/lexclips">https://www.youtube.com/lexclips</a></p>',
  'summary_detail': { 'base': 'https://lexfridman.com/feed/podcast/',
                      'language': None,
                      'type': 'text/html',
                      'value': '<p>Anthony Kaldellis is a historian of the Roman Empire and author '
                               'of &#8220;The New Roman Empire&#8221;, a comprehensive history of '
                               'the Byzantine Empire (Eastern Roman Empire).<br />\n'
                               'Thank you for listening \u2764 Check out our sponsors: <a '
                               'href="https://lexfridman.com/sponsors/ep498-sc">https://lexfridman.com/sponsors/ep498-sc</a><br '
                               '/>\n'
                               'See below for timestamps, transcript, and to give feedback, submit '
                               'questions, contact Lex, etc.</p>\n'
                               '<p><b>Transcript:</b><br />\n'
                               '<a '
                               'href="https://lexfridman.com/anthony-kaldellis-transcript">https://lexfridman.com/anthony-kaldellis-transcript</a></p>\n'
                               '<p><b>CONTACT LEX:</b><br />\n'
                               '<b>Feedback</b> &#8211; give feedback to Lex: <a '
                               'href="https://lexfridman.com/survey">https://lexfridman.com/survey</a><br '
                               '/>\n'
                               '<b>AMA</b> &#8211; submit questions, videos or call-in: <a '
                               'href="https://lexfridman.com/ama">https://lexfridman.com/ama</a><br '
                               '/>\n'
                               '<b>Hiring</b> &#8211; join our team: <a '
                               'href="https://lexfridman.com/hiring">https://lexfridman.com/hiring</a><br '
                               '/>\n'
                               '<b>Other</b> &#8211; other ways to get in touch: <a '
                               'href="https://lexfridman.com/contact">https://lexfridman.com/contact</a></p>\n'
                               '<p><b>EPISODE LINKS:</b><br />\n'
                               'Anthony&#8217;s Books: <a '
                               'href="https://amzn.to/49AX7Q1">https://amzn.to/49AX7Q1</a><br />\n'
                               'Anthony&#8217;s Publications: <a '
                               'href="https://kaldellispublications.weebly.com">https://kaldellispublications.weebly.com</a><br '
                               '/>\n'
                               'Anthony&#8217;s University of Chicago page: <a '
                               'href="https://classics.uchicago.edu/people/anthony-kaldellis">https://classics.uchicago.edu/people/anthony-kaldellis</a><br '
                               '/>\n'
                               'The New Roman Empire (book): <a '
                               'href="https://amzn.to/3PTFTqk">https://amzn.to/3PTFTqk</a><br />\n'
                               'Streams of Gold (book): <a '
                               'href="https://amzn.to/4fgRMRq">https://amzn.to/4fgRMRq</a><br />\n'
                               'Byzantium &#38; Friends Podcast: <a '
                               'href="https://byzantiumandfriends.podbean.com/">https://byzantiumandfriends.podbean.com/</a><br '
                               '/>\n'
                               'The History of Byzantium Podcast: <a '
                               'href="https://thehistoryofbyzantium.com/">https://thehistoryofbyzantium.com/</a></p>\n'
                               '<p><b>SPONSORS:</b><br />\n'
                               'To support this podcast, check out our sponsors &#38; get '
                               'discounts:<br />\n'
                               '<b>Upwork:</b> Platform for hiring freelancers.<br />\n'
                               'Go to <a '
                               'href="https://lexfridman.com/s/upwork-ep498-sc">https://upwork.com/lex</a><br '
                               '/>\n'
                               '<b>Fin:</b> AI agent for customer service.<br />\n'
                               'Go to <a '
                               'href="https://lexfridman.com/s/fin-ep498-sc">https://fin.ai/lex</a><br '
                               '/>\n'
                               '<b>BetterHelp:</b> Online therapy and counseling.<br />\n'
                               'Go to <a '
                               'href="https://lexfridman.com/s/betterhelp-ep498-sc">https://betterhelp.com/lex</a><br '
                               '/>\n'
                               '<b>LMNT:</b> Zero-sugar electrolyte drink mix.<br />\n'
                               'Go to <a '
                               'href="https://lexfridman.com/s/lmnt-ep498-sc">https://drinkLMNT.com/lex</a><br '
                               '/>\n'
                               '<b>Shopify:</b> Sell stuff online.<br />\n'
                               'Go to <a '
                               'href="https://lexfridman.com/s/shopify-ep498-sc">https://shopify.com/lex</a><br '
                               '/>\n'
                               '<b>Perplexity:</b> AI-powered answer engine.<br />\n'
                               'Go to <a '
                               'href="https://lexfridman.com/s/perplexity-ep498-sc">https://perplexity.ai/</a></p>\n'
                               '<p><b>OUTLINE:</b><br />\n'
                               '(00:00) &#8211; Introduction<br />\n'
                               '(00:11) &#8211; Sponsors, Comments, and Reflections<br />\n'
                               '(08:45) &#8211; The Roman Empire and the Byzantine Empire<br />\n'
                               '(12:42) &#8211; 2,200 Years of Roman History<br />\n'
                               '(33:06) &#8211; Power, violence, and civil war<br />\n'
                               '(54:20) &#8211; Edict of Caracalla<br />\n'
                               '(1:07:17) &#8211; Crisis of the Third Century<br />\n'
                               '(1:21:45) &#8211; Constantine and the new Roman Empire<br />\n'
                               '(1:33:46) &#8211; Christianity in the Roman Empire<br />\n'
                               '(1:59:14) &#8211; Fall of the Western Roman Empire<br />\n'
                               '(2:12:11) &#8211; Eunuchs, Taxes, and Power<br />\n'
                               '(2:37:17) &#8211; Emperor Justinian and wars of conquest<br />\n'
                               '(2:54:19) &#8211; The Arab conquests<br />\n'
                               '(3:13:55) &#8211; Why the Roman empire survived so long<br />\n'
                               '(3:40:01) &#8211; Lessons from history</p>\n'
                               '<p><b>PODCAST LINKS:</b><br />\n'
                               '&#8211; Podcast Website: <a '
                               'href="https://lexfridman.com/podcast">https://lexfridman.com/podcast</a><br '
                               '/>\n'
                               '&#8211; Apple Podcasts: <a '
                               'href="https://apple.co/2lwqZIr">https://apple.co/2lwqZIr</a><br '
                               '/>\n'
                               '&#8211; Spotify: <a '
                               'href="https://spoti.fi/2nEwCF8">https://spoti.fi/2nEwCF8</a><br '
                               '/>\n'
                               '&#8211; RSS: <a '
                               'href="https://lexfridman.com/feed/podcast/">https://lexfridman.com/feed/podcast/</a><br '
                               '/>\n'
                               '&#8211; Podcast Playlist: <a '
                               'href="https://www.youtube.com/playlist?list=PLrAXtmErZgOdP_8GztsuKi9nrraNbKKp4">https://www.youtube.com/playlist?list=PLrAXtmErZgOdP_8GztsuKi9nrraNbKKp4</a><br '
                               '/>\n'
                               '&#8211; Clips Channel: <a '
                               'href="https://www.youtube.com/lexclips">https://www.youtube.com/lexclips</a></p>'},
  'tags': [{'label': None, 'scheme': None, 'term': 'ai'}],
  'title': '#498 ¨C Anthony Kaldellis: Roman Empire, Byzantine Empire, Rise & Fall of Empires',
  'title_detail': { 'base': 'https://lexfridman.com/feed/podcast/',
                    'language': None,
                    'type': 'text/plain',
                    'value': '#498 ¨C Anthony Kaldellis: Roman Empire, Byzantine Empire, Rise & '
                             'Fall of Empires'},
  'wfw_commentrss': 'https://lexfridman.com/anthony-kaldellis/feed/'}
